../Core/Src/Axis_v2.c:17:16:Axis_IsAPB2Timer	16	static
../Core/Src/Axis_v2.c:47:17:Axis_GetTimerClock	48	static
../Core/Src/Axis_v2.c:79:17:Axis_ChannelToActive	16	static
../Core/Src/Axis_v2.c:99:26:Axis_ApplyFrequency	232	static
../Core/Src/Axis_v2.c:164:6:Axis_Init	24	static
../Core/Src/Axis_v2.c:182:19:Axis_Register	24	static
../Core/Src/Axis_v2.c:197:6:Axis_Unregister	24	static
../Core/Src/Axis_v2.c:209:19:Axis_SetFrequencyHz	16	static
../Core/Src/Axis_v2.c:215:19:AxisCalculatePulseToGo	24	static
../Core/Src/Axis_v2.c:238:19:Axis_RunPosConst	24	static
../Core/Src/Axis_v2.c:248:19:Axis_RunToPosConst	16	static
../Core/Src/Axis_v2.c:255:19:Axis_RunPosConstWithFreq	32	static
../Core/Src/Axis_v2.c:277:19:Axis_RunToPosConstWithFreq	32	static
../Core/Src/Axis_v2.c:294:19:Axis_StartAxisConst	24	static
../Core/Src/Axis_v2.c:344:6:Axis_Stop	16	static
../Core/Src/Axis_v2.c:362:6:Axis_EStop	16	static
../Core/Src/Axis_v2.c:370:6:Axis_TIM_PWM_PulseFinishedCallback_Const	32	static
../Core/Src/Axis_v2.c:408:16:Axis_mm_to_pulse	32	static
../Core/Src/Axis_v2.c:419:19:Axis_RunPosConst_mm	24	static
../Core/Src/Axis_v2.c:426:19:Axis_RunToPosConst_mm	24	static
../Core/Src/Axis_v2.c:433:7:Axis_GetCurrentPositionMM	24	static
