../Core/Inc/Axis_v2.h:107:23:Axis_IsBusy	16	static
../Core/Inc/Axis_v2.h:117:23:Axis_GetCurrentPositionPulse	16	static
../Core/Src/main.c:121:23:ReadButton	16	static
../Core/Src/main.c:129:6:Axis_GotoPosition	24	static
../Core/Src/main.c:154:10:ADC_ReadChannel	32	static
../Core/Src/main.c:173:9:Joystick_ScaleX	24	static
../Core/Src/main.c:192:9:Joystick_ScaleY	24	static
../Core/Src/main.c:211:6:HandleJoystick	32	static
../Core/Src/main.c:238:6:HandleManualButtons	8	static
../Core/Src/main.c:293:6:Parse_SetCommand	40	static
../Core/Src/main.c:334:6:Parse_GotoCommand	24	static
../Core/Src/main.c:359:6:Send_StatusReport	192	static
../Core/Src/main.c:383:6:HAL_TIM_PWM_PulseFinishedCallback	16	static
../Core/Src/main.c:387:6:HAL_UART_RxCpltCallback	16	static
../Core/Src/main.c:398:5:main	176	static
../Core/Src/main.c:554:6:SystemClock_Config	88	static
../Core/Src/main.c:596:13:MX_ADC1_Init	24	static
../Core/Src/main.c:648:13:MX_TIM2_Init	64	static
../Core/Src/main.c:707:13:MX_TIM3_Init	64	static
../Core/Src/main.c:762:13:MX_TIM4_Init	32	static
../Core/Src/main.c:804:13:MX_USART1_UART_Init	8	static
../Core/Src/main.c:833:13:MX_DMA_Init	16	static
../Core/Src/main.c:850:13:MX_GPIO_Init	40	static
../Core/Src/main.c:899:6:Error_Handler	4	static,ignoring_inline_asm
